objid                  1
ra                     2
dec                    3
glon                   4
glat                   5
fov_radius             9
objtype               14
e_bv                  12
fuv_mag               16
fuv_magerr            17
nuv_mag               18
nuv_magerr            19
photoextractid        52
fuv_x_image           44
fuv_y_image           45
nuv_x_image           46
nuv_y_image           47
fuv_fwhm_image        48
nuv_fwhm_image        49
fuv_fwhm_world        50
nuv_fwhm_world        51
fuv_mag_best          20
fuv_magerr_best       21
nuv_mag_best          22
nuv_magerr_best       23
fuv_mag_auto          24
fuv_magerr_auto       25
nuv_mag_auto          26
nuv_magerr_auto       27
fuv_mag_aper_4        28
fuv_magerr_aper_4     29
nuv_mag_aper_4        30
nuv_magerr_aper_4     31
fuv_mag_aper_6        32
fuv_magerr_aper_6     33
nuv_mag_aper_6        34
nuv_magerr_aper_6     35
fuv_artifact          36
nuv_artifact          37
fuv_flags             38
nuv_flags             39
fuv_flux              40
fuv_fluxerr           41
nuv_flux              42
nuv_fluxerr           43
tilenum                6
img                    7
subvisit               8
type                  10
band                  11
istherespectrum       13
quality               15
mpstype               53
avaspra               54
avaspdec              55
